// Jest Snapshot v1, https://goo.gl/fbAQLP

exports[`Pruebas en <SearchPage> Debe de mostrarse correctamente con valores por defecto 1`] = `
<div>
  <h1>
    SearchPage
  </h1>
  <div
    class="row"
  >
    <div
      class="col-5"
    >
      <h4>
        Searching...
      </h4>
      <form
        aria-label="form"
      >
        <input
          autocomplete="off"
          class="form-control"
          name="searchtext"
          placeholder="Search a hero"
          type="text"
          value=""
        />
        <button
          class="btn btn-outline-primary mt-1"
        >
          Search
        </button>
      </form>
    </div>
    <div
      class="col-7"
    >
      <h4>
        Results
      </h4>
      <div
        class="alert alert-primary"
      >
        Search a hero
      </div>
      <div
        aria-label="alert-danger"
        class="alert alert-danger"
        style="display: none;"
      >
        No hero with 
        <b />
      </div>
    </div>
  </div>
</div>
`;
